Nothing to build in platform 'z19_nfc_4ch_platform'

15:58:48 **** Incremental Build of configuration Debug for project NFC_4CH_TEST ****
make all 
'Building file: ../src/helloworld.c'
'Invoking: ARM v8 gcc compiler'
aarch64-none-elf-gcc -Wall -O0 -g3 -c -fmessage-length=0 -MT"src/helloworld.o" -ID:/Xilinx_2019_2/RTL_prj/OCOWFC_Z19/OCOWFC_Z19/Z19_NFC_4Chanel/Z19_NFC_4Channel/vitis/z19_nfc_4ch_platform/export/z19_nfc_4ch_platform/sw/z19_nfc_4ch_platform/standalone_domain/bspinclude/include -MMD -MP -MF"src/helloworld.d" -MT"src/helloworld.o" -o "src/helloworld.o" "../src/helloworld.c"
../src/helloworld.c:230:12: warning: 'dma_recv' defined but not used [-Wunused-function]
 static int dma_recv(u32 ch, u32 byte_len)
            ^~~~~~~~
../src/helloworld.c:60:11: warning: 'g_rd_buf' defined but not used [-Wunused-variable]
 static u8 g_rd_buf[NFC_CH_NUM][LOCAL_BUF_SIZE] __attribute__((aligned(64)));
           ^~~~~~~~
../src/helloworld.c:59:11: warning: 'g_wr_buf' defined but not used [-Wunused-variable]
 static u8 g_wr_buf[NFC_CH_NUM][LOCAL_BUF_SIZE] __attribute__((aligned(64)));
           ^~~~~~~~
'Finished building: ../src/helloworld.c'
' '
'Building target: NFC_4CH_TEST.elf'
'Invoking: ARM v8 gcc linker'
aarch64-none-elf-gcc -Wl,-T -Wl,../src/lscript.ld -LD:/Xilinx_2019_2/RTL_prj/OCOWFC_Z19/OCOWFC_Z19/Z19_NFC_4Chanel/Z19_NFC_4Channel/vitis/z19_nfc_4ch_platform/export/z19_nfc_4ch_platform/sw/z19_nfc_4ch_platform/standalone_domain/bsplib/lib -o "NFC_4CH_TEST.elf"  ./src/helloworld.o   -Wl,--start-group,-lxil,-lgcc,-lc,--end-group
'Finished building target: NFC_4CH_TEST.elf'
' '
'Invoking: ARM v8 Print Size'
aarch64-none-elf-size NFC_4CH_TEST.elf  |tee "NFC_4CH_TEST.elf.size"
   text	   data	    bss	    dec	    hex	filename
  52508	   4872	  65104	 122484	  1de74	NFC_4CH_TEST.elf
'Finished building: NFC_4CH_TEST.elf.size'
' '
