Copyright 1986-2019 Xilinx, Inc. All Rights Reserved.
----------------------------------------------------------------------------------------------------------
| Tool Version      : Vivado v.2019.2 (win64) Build 2708876 Wed Nov  6 21:40:23 MST 2019
| Date              : Tue Apr 28 17:06:20 2026
| Host              : DESKTOP-TRF6PNO running 64-bit major release  (build 9200)
| Command           : report_clock_utilization -file NFC_4Channel_bd_wrapper_clock_utilization_routed.rpt
| Design            : NFC_4Channel_bd_wrapper
| Device            : xczu19eg-ffvc1760
| Speed File        : -2  PRODUCTION 1.26 08-13-2019
| Temperature Grade : I
| Design State      : Routed
----------------------------------------------------------------------------------------------------------

Clock Utilization Report

Table of Contents
-----------------
1. Clock Primitive Utilization
2. Global Clock Resources
3. Global Clock Source Details
4. Clock Regions : Clock Primitives
5. Clock Regions : Load Primitives
6. Clock Regions : Global Clock Summary
7. Clock Regions : Routing Resource Utilization
8. Device Cell Placement Summary for Global Clock g0
9. Device Cell Placement Summary for Global Clock g1
10. Device Cell Placement Summary for Global Clock g2
11. Device Cell Placement Summary for Global Clock g3
12. Device Cell Placement Summary for Global Clock g4
13. Clock Region Cell Placement per Global Clock: Region X1Y0
14. Clock Region Cell Placement per Global Clock: Region X2Y0
15. Clock Region Cell Placement per Global Clock: Region X3Y0
16. Clock Region Cell Placement per Global Clock: Region X1Y1
17. Clock Region Cell Placement per Global Clock: Region X2Y1
18. Clock Region Cell Placement per Global Clock: Region X3Y1
19. Clock Region Cell Placement per Global Clock: Region X1Y2
20. Clock Region Cell Placement per Global Clock: Region X2Y2
21. Clock Region Cell Placement per Global Clock: Region X3Y2
22. Clock Region Cell Placement per Global Clock: Region X0Y3
23. Clock Region Cell Placement per Global Clock: Region X1Y3
24. Clock Region Cell Placement per Global Clock: Region X2Y3

1. Clock Primitive Utilization
------------------------------

+------------+------+-----------+-----+--------------+--------+
| Type       | Used | Available | LOC | Clock Region | Pblock |
+------------+------+-----------+-----+--------------+--------+
| BUFGCE     |    5 |       280 |   0 |            0 |      0 |
| BUFGCE_DIV |    0 |        44 |   0 |            0 |      0 |
| BUFGCTRL   |    0 |        88 |   0 |            0 |      0 |
| BUFG_GT    |    0 |       456 |   0 |            0 |      0 |
| MMCM       |    1 |        11 |   0 |            0 |      0 |
| PLL        |    0 |        22 |   0 |            0 |      0 |
+------------+------+-----------+-----+--------------+--------+


2. Global Clock Resources
-------------------------

+-----------+-----------+-----------------+------------+---------------+--------------+------+-------------------+-------------------+-------------+-----------------+--------------+-------------------------------------------+----------------------------------------------------------------------------------------+-------------------------------------------------------------+
| Global Id | Source Id | Driver Type/Pin | Constraint | Site          | Clock Region | Root | Clock Delay Group | Load Clock Region | Clock Loads | Non-Clock Loads | Clock Period | Clock                                     | Driver Pin                                                                             | Net                                                         |
+-----------+-----------+-----------------+------------+---------------+--------------+------+-------------------+-------------------+-------------+-----------------+--------------+-------------------------------------------+----------------------------------------------------------------------------------------+-------------------------------------------------------------+
| g0        | src0      | BUFGCE/O        | None       | BUFGCE_X0Y176 | X2Y7         | X1Y1 |                   |                13 |       46057 |               0 |       20.000 | clk_ctrl_50_NFC_4Channel_bd_clk_wiz_0_0   | NFC_4Channel_bd_i/clk_wiz_0/inst/clkout3_buf/O                                         | NFC_4Channel_bd_i/clk_wiz_0/inst/clk_ctrl_50                |
| g1        | src0      | BUFGCE/O        | None       | BUFGCE_X0Y182 | X2Y7         | X2Y1 |                   |                 9 |        1976 |               0 |       10.000 | clk_ref_NFC_4Channel_bd_clk_wiz_0_0       | NFC_4Channel_bd_i/clk_wiz_0/inst/clkout2_buf/O                                         | NFC_4Channel_bd_i/clk_wiz_0/inst/clk_ref                    |
| g2        | src0      | BUFGCE/O        | None       | BUFGCE_X0Y170 | X2Y7         | X2Y7 |                   |                 2 |         132 |               0 |        2.500 | nand_clk_fast_NFC_4Channel_bd_clk_wiz_0_0 | NFC_4Channel_bd_i/clk_wiz_0/inst/clkout1_buf/O                                         | NFC_4Channel_bd_i/clk_wiz_0/inst/nand_clk_fast              |
| g3        | src0      | BUFGCE/O        | None       | BUFGCE_X0Y188 | X2Y7         | X2Y7 | n/a               |                 9 |           0 |           11436 |          n/a | n/a                                       | NFC_4Channel_bd_i/clk_wiz_0/inst/mmcme4_adv_inst_bufg_place/O                          | NFC_4Channel_bd_i/clk_wiz_0/inst/locked                     |
| g4        | src1      | BUFGCE/O        | None       | BUFGCE_X0Y72  | X2Y3         | X2Y3 | n/a               |                 5 |           0 |            2030 |          n/a | n/a                                       | NFC_4Channel_bd_i/proc_sys_reset_0/U0/ACTIVE_LOW_PR_OUT_DFF[0].FDRE_PER_N_bufg_place/O | NFC_4Channel_bd_i/proc_sys_reset_0/U0/peripheral_aresetn[0] |
+-----------+-----------+-----------------+------------+---------------+--------------+------+-------------------+-------------------+-------------+-----------------+--------------+-------------------------------------------+----------------------------------------------------------------------------------------+-------------------------------------------------------------+
* Clock Loads column represents the clock pin loads (pin count)
** Non-Clock Loads column represents the non-clock pin loads (pin count)


3. Global Clock Source Details
------------------------------

+-----------+-----------+--------------------+------------+---------------+--------------+-------------+-----------------+---------------------+-------------------------------------------+-----------------------------------------------------------------------------+----------------------------------------------------------------------------+
| Source Id | Global Id | Driver Type/Pin    | Constraint | Site          | Clock Region | Clock Loads | Non-Clock Loads | Source Clock Period | Source Clock                              | Driver Pin                                                                  | Net                                                                        |
+-----------+-----------+--------------------+------------+---------------+--------------+-------------+-----------------+---------------------+-------------------------------------------+-----------------------------------------------------------------------------+----------------------------------------------------------------------------+
| src0      | g0        | MMCME4_ADV/CLKOUT2 | None       | MMCM_X0Y7     | X2Y7         |           1 |               0 |              20.000 | clk_ctrl_50_NFC_4Channel_bd_clk_wiz_0_0   | NFC_4Channel_bd_i/clk_wiz_0/inst/mmcme4_adv_inst/CLKOUT2                    | NFC_4Channel_bd_i/clk_wiz_0/inst/clk_ctrl_50_NFC_4Channel_bd_clk_wiz_0_0   |
| src0      | g1        | MMCME4_ADV/CLKOUT1 | None       | MMCM_X0Y7     | X2Y7         |           1 |               0 |              10.000 | clk_ref_NFC_4Channel_bd_clk_wiz_0_0       | NFC_4Channel_bd_i/clk_wiz_0/inst/mmcme4_adv_inst/CLKOUT1                    | NFC_4Channel_bd_i/clk_wiz_0/inst/clk_ref_NFC_4Channel_bd_clk_wiz_0_0       |
| src0      | g3        | MMCME4_ADV/LOCKED  | None       | MMCM_X0Y7     | X2Y7         |           1 |             128 |                     |                                           | NFC_4Channel_bd_i/clk_wiz_0/inst/mmcme4_adv_inst/LOCKED                     | NFC_4Channel_bd_i/clk_wiz_0/inst/locked_bufg_place                         |
| src0      | g2        | MMCME4_ADV/CLKOUT0 | None       | MMCM_X0Y7     | X2Y7         |           1 |               0 |               2.500 | nand_clk_fast_NFC_4Channel_bd_clk_wiz_0_0 | NFC_4Channel_bd_i/clk_wiz_0/inst/mmcme4_adv_inst/CLKOUT0                    | NFC_4Channel_bd_i/clk_wiz_0/inst/nand_clk_fast_NFC_4Channel_bd_clk_wiz_0_0 |
| src1      | g4        | FDRE/Q             | None       | SLICE_X69Y182 | X2Y3         |           1 |               0 |                     |                                           | NFC_4Channel_bd_i/proc_sys_reset_0/U0/ACTIVE_LOW_PR_OUT_DFF[0].FDRE_PER_N/Q | NFC_4Channel_bd_i/proc_sys_reset_0/U0/peripheral_aresetn[0]_bufg_place     |
+-----------+-----------+--------------------+------------+---------------+--------------+-------------+-----------------+---------------------+-------------------------------------------+-----------------------------------------------------------------------------+----------------------------------------------------------------------------+
* Clock Loads column represents the clock pin loads (pin count)
** Non-Clock Loads column represents the non-clock pin loads (pin count)


4. Clock Regions : Clock Primitives
-----------------------------------

+-------------------+--------------+--------------+--------------+--------------+--------------+--------------+--------------+
|                   | Global Clock |    BUFGCE    |  BUFGCE_DIV  |   BUFGCTRL   |    BUFG_GT   |     MMCM     |      PLL     |
+-------------------+------+-------+------+-------+------+-------+------+-------+------+-------+------+-------+------+-------+
| Clock Region Name | Used | Avail | Used | Avail | Used | Avail | Used | Avail | Used | Avail | Used | Avail | Used | Avail |
+-------------------+------+-------+------+-------+------+-------+------+-------+------+-------+------+-------+------+-------+
| X0Y0              |   1* |     0 |    0 |     0 |    0 |     0 |    0 |     0 |    0 |     0 |    0 |     0 |    0 |     0 |
| X1Y0              |    4 |    24 |    0 |     0 |    0 |     0 |    0 |     0 |    0 |     0 |    0 |     0 |    0 |     0 |
| X2Y0              |    5 |    24 |    0 |    24 |    0 |     4 |    0 |     8 |    0 |     0 |    0 |     1 |    0 |     2 |
| X3Y0              |    3 |    24 |    0 |     0 |    0 |     0 |    0 |     0 |    0 |    24 |    0 |     0 |    0 |     0 |
| X0Y1              |    0 |     0 |    0 |     0 |    0 |     0 |    0 |     0 |    0 |     0 |    0 |     0 |    0 |     0 |
| X1Y1              |    3 |    24 |    0 |     0 |    0 |     0 |    0 |     0 |    0 |     0 |    0 |     0 |    0 |     0 |
| X2Y1              |    5 |    24 |    0 |    24 |    0 |     4 |    0 |     8 |    0 |     0 |    0 |     1 |    0 |     2 |
| X3Y1              |    1 |    24 |    0 |     0 |    0 |     0 |    0 |     0 |    0 |    24 |    0 |     0 |    0 |     0 |
| X0Y2              |    0 |     0 |    0 |     0 |    0 |     0 |    0 |     0 |    0 |     0 |    0 |     0 |    0 |     0 |
| X1Y2              |    4 |    24 |    0 |     0 |    0 |     0 |    0 |     0 |    0 |     0 |    0 |     0 |    0 |     0 |
| X2Y2              |    5 |    24 |    0 |    24 |    0 |     4 |    0 |     8 |    0 |     0 |    0 |     1 |    0 |     2 |
| X3Y2              |    2 |    24 |    0 |     0 |    0 |     0 |    0 |     0 |    0 |    24 |    0 |     0 |    0 |     0 |
| X0Y3              |    1 |    24 |    0 |     0 |    0 |     0 |    0 |     0 |    0 |    24 |    0 |     0 |    0 |     0 |
| X1Y3              |    2 |    24 |    0 |     0 |    0 |     0 |    0 |     0 |    0 |     0 |    0 |     0 |    0 |     0 |
| X2Y3              |    5 |    24 |    1 |    24 |    0 |     4 |    0 |     8 |    0 |     0 |    0 |     1 |    0 |     2 |
| X3Y3              |    0 |    24 |    0 |     0 |    0 |     0 |    0 |     0 |    0 |    24 |    0 |     0 |    0 |     0 |
| X0Y4              |    0 |    24 |    0 |     0 |    0 |     0 |    0 |     0 |    0 |    24 |    0 |     0 |    0 |     0 |
| X1Y4              |    1 |    24 |    0 |     0 |    0 |     0 |    0 |     0 |    0 |     0 |    0 |     0 |    0 |     0 |
| X2Y4              |    3 |    24 |    0 |    24 |    0 |     4 |    0 |     8 |    0 |     0 |    0 |     1 |    0 |     2 |
| X3Y4              |    0 |    24 |    0 |     0 |    0 |     0 |    0 |     0 |    0 |    24 |    0 |     0 |    0 |     0 |
| X0Y5              |    0 |    24 |    0 |     0 |    0 |     0 |    0 |     0 |    0 |    24 |    0 |     0 |    0 |     0 |
| X1Y5              |    1 |    24 |    0 |     0 |    0 |     0 |    0 |     0 |    0 |     0 |    0 |     0 |    0 |     0 |
| X2Y5              |    3 |    24 |    0 |    24 |    0 |     4 |    0 |     8 |    0 |     0 |    0 |     1 |    0 |     2 |
| X3Y5              |    0 |    24 |    0 |     0 |    0 |     0 |    0 |     0 |    0 |    24 |    0 |     0 |    0 |     0 |
| X0Y6              |    0 |    24 |    0 |     0 |    0 |     0 |    0 |     0 |    0 |    24 |    0 |     0 |    0 |     0 |
| X1Y6              |    1 |    24 |    0 |     0 |    0 |     0 |    0 |     0 |    0 |     0 |    0 |     0 |    0 |     0 |
| X2Y6              |    3 |    24 |    0 |    24 |    0 |     4 |    0 |     8 |    0 |     0 |    0 |     1 |    0 |     2 |
| X3Y6              |    0 |    24 |    0 |     4 |    0 |     0 |    0 |     0 |    0 |    24 |    0 |     0 |    0 |     0 |
| X0Y7              |    0 |    24 |    0 |     0 |    0 |     0 |    0 |     0 |    0 |    24 |    0 |     0 |    0 |     0 |
| X1Y7              |    1 |    24 |    0 |     0 |    0 |     0 |    0 |     0 |    0 |     0 |    0 |     0 |    0 |     0 |
| X2Y7              |    4 |    24 |    4 |    24 |    0 |     4 |    0 |     8 |    0 |     0 |    1 |     1 |    0 |     2 |
| X3Y7              |    0 |    24 |    0 |     4 |    0 |     0 |    0 |     0 |    0 |    24 |    0 |     0 |    0 |     0 |
| X0Y8              |    0 |    24 |    0 |     0 |    0 |     0 |    0 |     0 |    0 |    24 |    0 |     0 |    0 |     0 |
| X1Y8              |    0 |    24 |    0 |     0 |    0 |     0 |    0 |     0 |    0 |     0 |    0 |     0 |    0 |     0 |
| X2Y8              |    0 |    24 |    0 |    24 |    0 |     4 |    0 |     8 |    0 |     0 |    0 |     1 |    0 |     2 |
| X3Y8              |    0 |    24 |    0 |     0 |    0 |     0 |    0 |     0 |    0 |    24 |    0 |     0 |    0 |     0 |
| X0Y9              |    0 |    24 |    0 |     0 |    0 |     0 |    0 |     0 |    0 |    24 |    0 |     0 |    0 |     0 |
| X1Y9              |    0 |    24 |    0 |     0 |    0 |     0 |    0 |     0 |    0 |     0 |    0 |     0 |    0 |     0 |
| X2Y9              |    0 |    24 |    0 |    24 |    0 |     4 |    0 |     8 |    0 |     0 |    0 |     1 |    0 |     2 |
| X3Y9              |    0 |    24 |    0 |     4 |    0 |     0 |    0 |     0 |    0 |    24 |    0 |     0 |    0 |     0 |
| X0Y10             |    0 |    24 |    0 |     0 |    0 |     0 |    0 |     0 |    0 |    24 |    0 |     0 |    0 |     0 |
| X1Y10             |    0 |    24 |    0 |     0 |    0 |     0 |    0 |     0 |    0 |     0 |    0 |     0 |    0 |     0 |
| X2Y10             |    0 |    24 |    0 |    24 |    0 |     4 |    0 |     8 |    0 |     0 |    0 |     1 |    0 |     2 |
| X3Y10             |    0 |    24 |    0 |     4 |    0 |     0 |    0 |     0 |    0 |    24 |    0 |     0 |    0 |     0 |
+-------------------+------+-------+------+-------+------+-------+------+-------+------+-------+------+-------+------+-------+
* Global Clock column represents track count; while other columns represents cell counts


5. Clock Regions : Load Primitives
----------------------------------

+-------------------+------------------+------------------+------------------+------------------+------------------+------------------+------------------+------------------+
|                   |   Global Clock   |        FF        |      LUTRAM      |  Block RAM (18K) |       URAM       |        DSP       |        GT        |      HARD IP     |
+-------------------+--------+---------+--------+---------+--------+---------+--------+---------+--------+---------+--------+---------+--------+---------+--------+---------+
| Clock Region Name | Used   | Avail   | Used   | Avail   | Used   | Avail   | Used   | Avail   | Used   | Avail   | Used   | Avail   | Used   | Avail   | Used   | Avail   |
+-------------------+--------+---------+--------+---------+--------+---------+--------+---------+--------+---------+--------+---------+--------+---------+--------+---------+
| X0Y0              |     1* |       0 |      0 |       0 |      0 |       0 |      0 |       0 |      0 |       0 |      0 |       0 |      0 |       0 |      0 |       0 |
| X1Y0              |      4 |      24 |   5191 |   18240 |    863 |    4800 |      4 |      48 |      0 |       0 |      0 |      96 |      0 |       0 |      0 |       0 |
| X2Y0              |      5 |      24 |   8700 |   34560 |    113 |    3360 |     44 |      48 |      0 |       0 |      0 |      24 |      0 |       0 |      0 |       0 |
| X3Y0              |      3 |      24 |     62 |   26880 |      0 |    3360 |      0 |      48 |      0 |       0 |      0 |      24 |      0 |       4 |      0 |       1 |
| X0Y1              |      0 |       0 |      0 |       0 |      0 |       0 |      0 |       0 |      0 |       0 |      0 |       0 |      0 |       0 |      0 |       0 |
| X1Y1              |      3 |      24 |   1588 |   18240 |     75 |    4800 |     11 |      48 |      0 |       0 |      0 |      96 |      0 |       0 |      0 |       0 |
| X2Y1              |      5 |      24 |  12450 |   34560 |    638 |    3360 |     24 |      48 |      0 |       0 |      0 |      24 |      0 |       0 |      0 |       0 |
| X3Y1              |      1 |      24 |     85 |   26880 |      0 |    3360 |      0 |      48 |      0 |       0 |      0 |      24 |      0 |       4 |      0 |       0 |
| X0Y2              |      0 |       0 |      0 |       0 |      0 |       0 |      0 |       0 |      0 |       0 |      0 |       0 |      0 |       0 |      0 |       0 |
| X1Y2              |      4 |      24 |   2699 |   18240 |     10 |    4800 |     13 |      48 |      0 |       0 |      0 |      96 |      0 |       0 |      0 |       0 |
| X2Y2              |      5 |      24 |  13843 |   34560 |      9 |    3360 |     16 |      48 |      0 |       0 |      0 |      24 |      0 |       0 |      0 |       0 |
| X3Y2              |      2 |      24 |    347 |   26880 |      0 |    3360 |      0 |      48 |      0 |       0 |      0 |      24 |      0 |       4 |      0 |       0 |
| X0Y3              |      1 |      24 |     89 |   20160 |      0 |    3840 |      0 |      48 |      0 |      16 |      0 |      48 |      0 |       4 |      0 |       1 |
| X1Y3              |      2 |      24 |     16 |   19200 |      0 |    5280 |      0 |      48 |      0 |       0 |      0 |      96 |      0 |       0 |      0 |       0 |
| X2Y3              |      5 |      24 |    593 |   34560 |      1 |    3360 |      0 |      48 |      0 |       0 |      0 |      24 |      0 |       0 |      0 |       0 |
| X3Y3              |      0 |      24 |      0 |   26880 |      0 |    3360 |      0 |      48 |      0 |       0 |      0 |      24 |      0 |       4 |      0 |       1 |
| X0Y4              |      0 |      24 |      0 |   20160 |      0 |    3840 |      0 |      48 |      0 |      16 |      0 |      48 |      0 |       4 |      0 |       1 |
| X1Y4              |      1 |      24 |      0 |   19200 |      0 |    5280 |      0 |      48 |      0 |       0 |      0 |      96 |      0 |       0 |      0 |       0 |
| X2Y4              |      3 |      24 |      0 |   34560 |      0 |    3360 |      0 |      48 |      0 |       0 |      0 |      24 |      0 |       0 |      0 |       0 |
| X3Y4              |      0 |      24 |      0 |   26880 |      0 |    3360 |      0 |      48 |      0 |       0 |      0 |      24 |      0 |       4 |      0 |       1 |
| X0Y5              |      0 |      24 |      0 |   20160 |      0 |    3840 |      0 |      48 |      0 |      16 |      0 |      48 |      0 |       4 |      0 |       1 |
| X1Y5              |      1 |      24 |      0 |   19200 |      0 |    5280 |      0 |      48 |      0 |       0 |      0 |      96 |      0 |       0 |      0 |       0 |
| X2Y5              |      3 |      24 |      0 |   34560 |      0 |    3360 |      0 |      48 |      0 |       0 |      0 |      24 |      0 |       0 |      0 |       0 |
| X3Y5              |      0 |      24 |      0 |   26880 |      0 |    3360 |      0 |      48 |      0 |       0 |      0 |      24 |      0 |       4 |      0 |       1 |
| X0Y6              |      0 |      24 |      0 |   20160 |      0 |    3840 |      0 |      48 |      0 |      16 |      0 |      48 |      0 |       4 |      0 |       1 |
| X1Y6              |      1 |      24 |      0 |   19200 |      0 |    5280 |      0 |      48 |      0 |       0 |      0 |      96 |      0 |       0 |      0 |       0 |
| X2Y6              |      3 |      24 |      0 |   34560 |      0 |    3360 |      0 |      48 |      0 |       0 |      0 |      24 |      0 |       0 |      0 |       0 |
| X3Y6              |      0 |      24 |      0 |   26880 |      0 |    3360 |      0 |      48 |      0 |       0 |      0 |      24 |      0 |       4 |      0 |       0 |
| X0Y7              |      0 |      24 |      0 |   20160 |      0 |    3840 |      0 |      48 |      0 |      16 |      0 |      48 |      0 |       4 |      0 |       1 |
| X1Y7              |      1 |      24 |      0 |   19200 |      0 |    5280 |      0 |      48 |      0 |       0 |      0 |      96 |      0 |       0 |      0 |       0 |
| X2Y7              |      4 |      24 |      0 |   34560 |      0 |    3360 |      0 |      48 |      0 |       0 |      0 |      24 |      0 |       0 |      0 |       0 |
| X3Y7              |      0 |      24 |      0 |   26880 |      0 |    3360 |      0 |      48 |      0 |       0 |      0 |      24 |      0 |       4 |      0 |       0 |
| X0Y8              |      0 |      24 |      0 |   20160 |      0 |    3840 |      0 |      48 |      0 |      16 |      0 |      48 |      0 |       4 |      0 |       1 |
| X1Y8              |      0 |      24 |      0 |   19200 |      0 |    5280 |      0 |      48 |      0 |       0 |      0 |      96 |      0 |       0 |      0 |       0 |
| X2Y8              |      0 |      24 |      0 |   34560 |      0 |    3360 |      0 |      48 |      0 |       0 |      0 |      24 |      0 |       0 |      0 |       0 |
| X3Y8              |      0 |      24 |      0 |   26880 |      0 |    3360 |      0 |      48 |      0 |       0 |      0 |      24 |      0 |       4 |      0 |       1 |
| X0Y9              |      0 |      24 |      0 |   20160 |      0 |    3840 |      0 |      48 |      0 |      16 |      0 |      48 |      0 |       4 |      0 |       1 |
| X1Y9              |      0 |      24 |      0 |   19200 |      0 |    5280 |      0 |      48 |      0 |       0 |      0 |      96 |      0 |       0 |      0 |       0 |
| X2Y9              |      0 |      24 |      0 |   34560 |      0 |    3360 |      0 |      48 |      0 |       0 |      0 |      24 |      0 |       0 |      0 |       0 |
| X3Y9              |      0 |      24 |      0 |   26880 |      0 |    3360 |      0 |      48 |      0 |       0 |      0 |      24 |      0 |       4 |      0 |       0 |
| X0Y10             |      0 |      24 |      0 |   20160 |      0 |    3840 |      0 |      48 |      0 |      16 |      0 |      48 |      0 |       4 |      0 |       1 |
| X1Y10             |      0 |      24 |      0 |   19200 |      0 |    5280 |      0 |      48 |      0 |       0 |      0 |      96 |      0 |       0 |      0 |       0 |
| X2Y10             |      0 |      24 |      0 |   34560 |      0 |    3360 |      0 |      48 |      0 |       0 |      0 |      24 |      0 |       0 |      0 |       0 |
| X3Y10             |      0 |      24 |      0 |   26880 |      0 |    3360 |      0 |      48 |      0 |       0 |      0 |      24 |      0 |       4 |      0 |       0 |
+-------------------+--------+---------+--------+---------+--------+---------+--------+---------+--------+---------+--------+---------+--------+---------+--------+---------+
* Global Clock column represents track count; while other columns represents cell counts


6. Clock Regions : Global Clock Summary
---------------------------------------

All Modules
+-----+----+----+----+----+
|     | X0 | X1 | X2 | X3 |
+-----+----+----+----+----+
| Y10 |  0 |  0 |  0 |  0 |
| Y9  |  0 |  0 |  0 |  0 |
| Y8  |  0 |  0 |  0 |  0 |
| Y7  |  0 |  0 |  0 |  0 |
| Y6  |  0 |  0 |  0 |  0 |
| Y5  |  0 |  0 |  0 |  0 |
| Y4  |  0 |  0 |  0 |  0 |
| Y3  |  1 |  2 |  5 |  0 |
| Y2  |  0 |  4 |  5 |  2 |
| Y1  |  0 |  3 |  5 |  1 |
| Y0  |  0 |  4 |  5 |  3 |
+-----+----+----+----+----+


7. Clock Regions : Routing Resource Utilization
-----------------------------------------------

All Modules
+-------------------+----------------------+----------------------+----------------------+----------------------+
|                   |        HROUTES       |        HDISTRS       |        VROUTES       |        VDISTRS       |
+-------------------+------+-------+-------+------+-------+-------+------+-------+-------+------+-------+-------+
| Clock Region Name | Used | Avail | Util% | Used | Avail | Util% | Used | Avail | Util% | Used | Avail | Util% |
+-------------------+------+-------+-------+------+-------+-------+------+-------+-------+------+-------+-------+
| X0Y0              |    0 |     0 |  0.00 |    0 |     0 |  0.00 |    0 |     0 |  0.00 |    0 |     0 |  0.00 |
| X1Y0              |    0 |    24 |  0.00 |    4 |    24 | 16.67 |    0 |    24 |  0.00 |    1 |    24 |  4.17 |
| X2Y0              |    0 |    24 |  0.00 |    5 |    24 | 20.83 |    0 |    24 |  0.00 |    4 |    24 | 16.67 |
| X3Y0              |    0 |    24 |  0.00 |    3 |    24 | 12.50 |    0 |    24 |  0.00 |    0 |    24 |  0.00 |
| X0Y1              |    0 |     0 |  0.00 |    0 |     0 |  0.00 |    0 |     0 |  0.00 |    0 |     0 |  0.00 |
| X1Y1              |    0 |    24 |  0.00 |    3 |    24 | 12.50 |    1 |    24 |  4.17 |    1 |    24 |  4.17 |
| X2Y1              |    0 |    24 |  0.00 |    5 |    24 | 20.83 |    1 |    24 |  4.17 |    4 |    24 | 16.67 |
| X3Y1              |    0 |    24 |  0.00 |    1 |    24 |  4.17 |    0 |    24 |  0.00 |    0 |    24 |  0.00 |
| X0Y2              |    0 |     0 |  0.00 |    0 |     0 |  0.00 |    0 |     0 |  0.00 |    0 |     0 |  0.00 |
| X1Y2              |    0 |    24 |  0.00 |    4 |    24 | 16.67 |    1 |    24 |  4.17 |    1 |    24 |  4.17 |
| X2Y2              |    0 |    24 |  0.00 |    4 |    24 | 16.67 |    1 |    24 |  4.17 |    4 |    24 | 16.67 |
| X3Y2              |    0 |    24 |  0.00 |    2 |    24 |  8.33 |    0 |    24 |  0.00 |    0 |    24 |  0.00 |
| X0Y3              |    0 |    24 |  0.00 |    1 |    24 |  4.17 |    0 |    24 |  0.00 |    0 |    24 |  0.00 |
| X1Y3              |    0 |    24 |  0.00 |    2 |    24 |  8.33 |    1 |    24 |  4.17 |    0 |    24 |  0.00 |
| X2Y3              |    0 |    24 |  0.00 |    3 |    24 | 12.50 |    1 |    24 |  4.17 |    3 |    24 | 12.50 |
| X3Y3              |    0 |    24 |  0.00 |    0 |    24 |  0.00 |    0 |    24 |  0.00 |    0 |    24 |  0.00 |
| X0Y4              |    0 |    24 |  0.00 |    0 |    24 |  0.00 |    0 |    24 |  0.00 |    0 |    24 |  0.00 |
| X1Y4              |    0 |    24 |  0.00 |    0 |    24 |  0.00 |    1 |    24 |  4.17 |    0 |    24 |  0.00 |
| X2Y4              |    0 |    24 |  0.00 |    0 |    24 |  0.00 |    1 |    24 |  4.17 |    2 |    24 |  8.33 |
| X3Y4              |    0 |    24 |  0.00 |    0 |    24 |  0.00 |    0 |    24 |  0.00 |    0 |    24 |  0.00 |
| X0Y5              |    0 |    24 |  0.00 |    0 |    24 |  0.00 |    0 |    24 |  0.00 |    0 |    24 |  0.00 |
| X1Y5              |    0 |    24 |  0.00 |    0 |    24 |  0.00 |    1 |    24 |  4.17 |    0 |    24 |  0.00 |
| X2Y5              |    0 |    24 |  0.00 |    0 |    24 |  0.00 |    1 |    24 |  4.17 |    2 |    24 |  8.33 |
| X3Y5              |    0 |    24 |  0.00 |    0 |    24 |  0.00 |    0 |    24 |  0.00 |    0 |    24 |  0.00 |
| X0Y6              |    0 |    24 |  0.00 |    0 |    24 |  0.00 |    0 |    24 |  0.00 |    0 |    24 |  0.00 |
| X1Y6              |    0 |    24 |  0.00 |    0 |    24 |  0.00 |    1 |    24 |  4.17 |    0 |    24 |  0.00 |
| X2Y6              |    0 |    24 |  0.00 |    0 |    24 |  0.00 |    1 |    24 |  4.17 |    2 |    24 |  8.33 |
| X3Y6              |    0 |    24 |  0.00 |    0 |    24 |  0.00 |    0 |    24 |  0.00 |    0 |    24 |  0.00 |
| X0Y7              |    0 |    24 |  0.00 |    0 |    24 |  0.00 |    0 |    24 |  0.00 |    0 |    24 |  0.00 |
| X1Y7              |    1 |    24 |  4.17 |    0 |    24 |  0.00 |    1 |    24 |  4.17 |    0 |    24 |  0.00 |
| X2Y7              |    2 |    24 |  8.33 |    0 |    24 |  0.00 |    1 |    24 |  4.17 |    2 |    24 |  8.33 |
| X3Y7              |    0 |    24 |  0.00 |    0 |    24 |  0.00 |    0 |    24 |  0.00 |    0 |    24 |  0.00 |
| X0Y8              |    0 |    24 |  0.00 |    0 |    24 |  0.00 |    0 |    24 |  0.00 |    0 |    24 |  0.00 |
| X1Y8              |    0 |    24 |  0.00 |    0 |    24 |  0.00 |    0 |    24 |  0.00 |    0 |    24 |  0.00 |
| X2Y8              |    0 |    24 |  0.00 |    0 |    24 |  0.00 |    0 |    24 |  0.00 |    0 |    24 |  0.00 |
| X3Y8              |    0 |    24 |  0.00 |    0 |    24 |  0.00 |    0 |    24 |  0.00 |    0 |    24 |  0.00 |
| X0Y9              |    0 |    24 |  0.00 |    0 |    24 |  0.00 |    0 |    24 |  0.00 |    0 |    24 |  0.00 |
| X1Y9              |    0 |    24 |  0.00 |    0 |    24 |  0.00 |    0 |    24 |  0.00 |    0 |    24 |  0.00 |
| X2Y9              |    0 |    24 |  0.00 |    0 |    24 |  0.00 |    0 |    24 |  0.00 |    0 |    24 |  0.00 |
| X3Y9              |    0 |    24 |  0.00 |    0 |    24 |  0.00 |    0 |    24 |  0.00 |    0 |    24 |  0.00 |
| X0Y10             |    0 |    24 |  0.00 |    0 |    24 |  0.00 |    0 |    24 |  0.00 |    0 |    24 |  0.00 |
| X1Y10             |    0 |    24 |  0.00 |    0 |    24 |  0.00 |    0 |    24 |  0.00 |    0 |    24 |  0.00 |
| X2Y10             |    0 |    24 |  0.00 |    0 |    24 |  0.00 |    0 |    24 |  0.00 |    0 |    24 |  0.00 |
| X3Y10             |    0 |    24 |  0.00 |    0 |    24 |  0.00 |    0 |    24 |  0.00 |    0 |    24 |  0.00 |
+-------------------+------+-------+-------+------+-------+-------+------+-------+-------+------+-------+-------+


8. Device Cell Placement Summary for Global Clock g0
----------------------------------------------------

+-----------+-----------------+-------------------+-----------------------------------------+-------------+----------------+----------+-------------+----------+----------------+----------+----------------------------------------------+
| Global Id | Driver Type/Pin | Driver Region (D) | Clock                                   | Period (ns) | Waveform (ns)  | Root (R) | Slice Loads | IO Loads | Clocking Loads | GT Loads | Net                                          |
+-----------+-----------------+-------------------+-----------------------------------------+-------------+----------------+----------+-------------+----------+----------------+----------+----------------------------------------------+
| g0        | BUFGCE/O        | X2Y7              | clk_ctrl_50_NFC_4Channel_bd_clk_wiz_0_0 |      20.000 | {0.000 10.000} | X1Y1     |       45597 |        0 |              0 |        0 | NFC_4Channel_bd_i/clk_wiz_0/inst/clk_ctrl_50 |
+-----------+-----------------+-------------------+-----------------------------------------+-------------+----------------+----------+-------------+----------+----------------+----------+----------------------------------------------+
* Slice Loads column represents load cell count of all cell types other than IO, GT and clock resources
** IO Loads column represents load cell count of IO types
*** Clocking Loads column represents load cell count that are clock resources (global clock buffer, MMCM, PLL, etc)
**** GT Loads column represents load cell count of GT types


+-----+-----+----------+--------+------+
|     | X0  | X1       | X2     | X3   |
+-----+-----+----------+--------+------+
| Y10 |   0 |        0 |      0 |    0 |
| Y9  |   0 |        0 |      0 |    0 |
| Y8  |   0 |        0 |      0 |    0 |
| Y7  |   0 |        0 |  (D) 0 |    0 |
| Y6  |   0 |        0 |      0 |    0 |
| Y5  |   0 |        0 |      0 |    0 |
| Y4  |   0 |        0 |      0 |    0 |
| Y3  |  89 |       11 |    533 |    0 |
| Y2  |   0 |     2595 |  13536 |  347 |
| Y1  |   0 | (R) 1610 |  12455 |   85 |
| Y0  |   1 |     5577 |   8705 |   53 |
+-----+-----+----------+--------+------+


9. Device Cell Placement Summary for Global Clock g1
----------------------------------------------------

+-----------+-----------------+-------------------+-------------------------------------+-------------+---------------+----------+-------------+----------+----------------+----------+------------------------------------------+
| Global Id | Driver Type/Pin | Driver Region (D) | Clock                               | Period (ns) | Waveform (ns) | Root (R) | Slice Loads | IO Loads | Clocking Loads | GT Loads | Net                                      |
+-----------+-----------------+-------------------+-------------------------------------+-------------+---------------+----------+-------------+----------+----------------+----------+------------------------------------------+
| g1        | BUFGCE/O        | X2Y7              | clk_ref_NFC_4Channel_bd_clk_wiz_0_0 |      10.000 | {0.000 5.000} | X2Y1     |        1880 |       96 |              0 |        0 | NFC_4Channel_bd_i/clk_wiz_0/inst/clk_ref |
+-----------+-----------------+-------------------+-------------------------------------+-------------+---------------+----------+-------------+----------+----------------+----------+------------------------------------------+
* Slice Loads column represents load cell count of all cell types other than IO, GT and clock resources
** IO Loads column represents load cell count of IO types
*** Clocking Loads column represents load cell count that are clock resources (global clock buffer, MMCM, PLL, etc)
**** GT Loads column represents load cell count of GT types


+-----+----+------+---------+----+
|     | X0 | X1   | X2      | X3 |
+-----+----+------+---------+----+
| Y10 |  0 |    0 |       0 |  0 |
| Y9  |  0 |    0 |       0 |  0 |
| Y8  |  0 |    0 |       0 |  0 |
| Y7  |  0 |    0 |   (D) 0 |  0 |
| Y6  |  0 |    0 |       0 |  0 |
| Y5  |  0 |    0 |       0 |  0 |
| Y4  |  0 |    0 |       0 |  0 |
| Y3  |  0 |    5 |      61 |  0 |
| Y2  |  0 |  125 |     330 |  0 |
| Y1  |  0 |   60 | (R) 711 |  0 |
| Y0  |  0 |  479 |     196 |  9 |
+-----+----+------+---------+----+


10. Device Cell Placement Summary for Global Clock g2
-----------------------------------------------------

+-----------+-----------------+-------------------+-------------------------------------------+-------------+---------------+----------+-------------+----------+----------------+----------+------------------------------------------------+
| Global Id | Driver Type/Pin | Driver Region (D) | Clock                                     | Period (ns) | Waveform (ns) | Root (R) | Slice Loads | IO Loads | Clocking Loads | GT Loads | Net                                            |
+-----------+-----------------+-------------------+-------------------------------------------+-------------+---------------+----------+-------------+----------+----------------+----------+------------------------------------------------+
| g2        | BUFGCE/O        | X2Y7              | nand_clk_fast_NFC_4Channel_bd_clk_wiz_0_0 |       2.500 | {0.000 1.250} | X2Y7     |           0 |       96 |              0 |        0 | NFC_4Channel_bd_i/clk_wiz_0/inst/nand_clk_fast |
+-----------+-----------------+-------------------+-------------------------------------------+-------------+---------------+----------+-------------+----------+----------------+----------+------------------------------------------------+
* Slice Loads column represents load cell count of all cell types other than IO, GT and clock resources
** IO Loads column represents load cell count of IO types
*** Clocking Loads column represents load cell count that are clock resources (global clock buffer, MMCM, PLL, etc)
**** GT Loads column represents load cell count of GT types


+-----+----+----+-----------+----+
|     | X0 | X1 | X2        | X3 |
+-----+----+----+-----------+----+
| Y10 |  0 |  0 |         0 |  0 |
| Y9  |  0 |  0 |         0 |  0 |
| Y8  |  0 |  0 |         0 |  0 |
| Y7  |  0 |  0 | (R) (D) 0 |  0 |
| Y6  |  0 |  0 |         0 |  0 |
| Y5  |  0 |  0 |         0 |  0 |
| Y4  |  0 |  0 |         0 |  0 |
| Y3  |  0 |  0 |         0 |  0 |
| Y2  |  0 |  0 |         0 |  0 |
| Y1  |  0 |  0 |        48 |  0 |
| Y0  |  0 |  0 |        48 |  0 |
+-----+----+----+-----------+----+


11. Device Cell Placement Summary for Global Clock g3
-----------------------------------------------------

+-----------+-----------------+-------------------+-------+-------------+---------------+----------+-------------+----------+----------------+----------+-----------------------------------------+
| Global Id | Driver Type/Pin | Driver Region (D) | Clock | Period (ns) | Waveform (ns) | Root (R) | Slice Loads | IO Loads | Clocking Loads | GT Loads | Net                                     |
+-----------+-----------------+-------------------+-------+-------------+---------------+----------+-------------+----------+----------------+----------+-----------------------------------------+
| g3        | BUFGCE/O        | X2Y7              |       |             |               | X2Y7     |       11436 |        0 |              0 |        0 | NFC_4Channel_bd_i/clk_wiz_0/inst/locked |
+-----------+-----------------+-------------------+-------+-------------+---------------+----------+-------------+----------+----------------+----------+-----------------------------------------+
* Slice Loads column represents load cell count of all cell types other than IO, GT and clock resources
** IO Loads column represents load cell count of IO types
*** Clocking Loads column represents load cell count that are clock resources (global clock buffer, MMCM, PLL, etc)
**** GT Loads column represents load cell count of GT types


+-----+----+------+-----------+------+
|     | X0 | X1   | X2        | X3   |
+-----+----+------+-----------+------+
| Y10 |  0 |    0 |         0 |    0 |
| Y9  |  0 |    0 |         0 |    0 |
| Y8  |  0 |    0 |         0 |    0 |
| Y7  |  0 |    0 | (R) (D) 0 |    0 |
| Y6  |  0 |    0 |         0 |    0 |
| Y5  |  0 |    0 |         0 |    0 |
| Y4  |  0 |    0 |         0 |    0 |
| Y3  |  0 |    0 |       435 |    0 |
| Y2  |  0 |  889 |      8705 |  229 |
| Y1  |  0 |   59 |       535 |    0 |
| Y0  |  0 |  477 |       105 |    2 |
+-----+----+------+-----------+------+


12. Device Cell Placement Summary for Global Clock g4
-----------------------------------------------------

+-----------+-----------------+-------------------+-------+-------------+---------------+----------+-------------+----------+----------------+----------+-------------------------------------------------------------+
| Global Id | Driver Type/Pin | Driver Region (D) | Clock | Period (ns) | Waveform (ns) | Root (R) | Slice Loads | IO Loads | Clocking Loads | GT Loads | Net                                                         |
+-----------+-----------------+-------------------+-------+-------------+---------------+----------+-------------+----------+----------------+----------+-------------------------------------------------------------+
| g4        | BUFGCE/O        | X2Y3              |       |             |               | X2Y3     |        2030 |        0 |              0 |        0 | NFC_4Channel_bd_i/proc_sys_reset_0/U0/peripheral_aresetn[0] |
+-----------+-----------------+-------------------+-------+-------------+---------------+----------+-------------+----------+----------------+----------+-------------------------------------------------------------+
* Slice Loads column represents load cell count of all cell types other than IO, GT and clock resources
** IO Loads column represents load cell count of IO types
*** Clocking Loads column represents load cell count that are clock resources (global clock buffer, MMCM, PLL, etc)
**** GT Loads column represents load cell count of GT types


+-----+----+-----+-----------+----+
|     | X0 | X1  | X2        | X3 |
+-----+----+-----+-----------+----+
| Y10 |  0 |   0 |         0 |  0 |
| Y9  |  0 |   0 |         0 |  0 |
| Y8  |  0 |   0 |         0 |  0 |
| Y7  |  0 |   0 |         0 |  0 |
| Y6  |  0 |   0 |         0 |  0 |
| Y5  |  0 |   0 |         0 |  0 |
| Y4  |  0 |   0 |         0 |  0 |
| Y3  |  0 |   0 | (R) (D) 0 |  0 |
| Y2  |  0 |  16 |      1710 |  0 |
| Y1  |  0 |   0 |        15 |  0 |
| Y0  |  0 |   2 |       287 |  0 |
+-----+----+-----+-----------+----+


13. Clock Region Cell Placement per Global Clock: Region X1Y0
-------------------------------------------------------------

+-----------+-------+-----------------+------------+-------------+-----------------+------+--------+------+------+-----+----+------+-----+---------+-------------------------------------------------------------+
| Global Id | Track | Driver Type/Pin | Constraint | Clock Loads | Non-Clock Loads | FF   | LUTRAM | RAMB | URAM | DSP | GT | MMCM | PLL | Hard IP | Net                                                         |
+-----------+-------+-----------------+------------+-------------+-----------------+------+--------+------+------+-----+----+------+-----+---------+-------------------------------------------------------------+
| g0        | 8     | BUFGCE/O        | None       |        5577 |               0 | 4713 |    862 |    2 |    0 |   0 |  0 |    0 |   0 |       0 | NFC_4Channel_bd_i/clk_wiz_0/inst/clk_ctrl_50                |
| g1        | 14    | BUFGCE/O        | None       |         479 |               0 |  478 |      1 |    0 |    0 |   0 |  0 |    0 |   0 |       0 | NFC_4Channel_bd_i/clk_wiz_0/inst/clk_ref                    |
| g3        | 20    | BUFGCE/O        | None       |           0 |             477 |  477 |      0 |    0 |    0 |   0 |  0 |    0 |   0 |       0 | NFC_4Channel_bd_i/clk_wiz_0/inst/locked                     |
| g4        | 0     | BUFGCE/O        | None       |           0 |               2 |    2 |      0 |    0 |    0 |   0 |  0 |    0 |   0 |       0 | NFC_4Channel_bd_i/proc_sys_reset_0/U0/peripheral_aresetn[0] |
+-----------+-------+-----------------+------------+-------------+-----------------+------+--------+------+------+-----+----+------+-----+---------+-------------------------------------------------------------+
* Clock Loads column represents the clock pin loads (pin count)
** Non-Clock Loads column represents the non-clock pin loads (pin count)
*** Columns FF, LUTRAM, RAMB through 'Hard IP' represents load cell counts


14. Clock Region Cell Placement per Global Clock: Region X2Y0
-------------------------------------------------------------

+-----------+-------+-----------------+------------+-------------+-----------------+------+--------+------+------+-----+----+------+-----+---------+-------------------------------------------------------------+
| Global Id | Track | Driver Type/Pin | Constraint | Clock Loads | Non-Clock Loads | FF   | LUTRAM | RAMB | URAM | DSP | GT | MMCM | PLL | Hard IP | Net                                                         |
+-----------+-------+-----------------+------------+-------------+-----------------+------+--------+------+------+-----+----+------+-----+---------+-------------------------------------------------------------+
| g0        | 8     | BUFGCE/O        | None       |        8705 |               0 | 8571 |    112 |   22 |    0 |   0 |  0 |    0 |   0 |       0 | NFC_4Channel_bd_i/clk_wiz_0/inst/clk_ctrl_50                |
| g1        | 14    | BUFGCE/O        | None       |         196 |               0 |  129 |      1 |    0 |    0 |   0 |  0 |    0 |   0 |       0 | NFC_4Channel_bd_i/clk_wiz_0/inst/clk_ref                    |
| g2        | 2     | BUFGCE/O        | None       |          48 |               0 |    0 |      0 |    0 |    0 |   0 |  0 |    0 |   0 |       0 | NFC_4Channel_bd_i/clk_wiz_0/inst/nand_clk_fast              |
| g3        | 20    | BUFGCE/O        | None       |           0 |             105 |  105 |      0 |    0 |    0 |   0 |  0 |    0 |   0 |       0 | NFC_4Channel_bd_i/clk_wiz_0/inst/locked                     |
| g4        | 0     | BUFGCE/O        | None       |           0 |             287 |  287 |      0 |    0 |    0 |   0 |  0 |    0 |   0 |       0 | NFC_4Channel_bd_i/proc_sys_reset_0/U0/peripheral_aresetn[0] |
+-----------+-------+-----------------+------------+-------------+-----------------+------+--------+------+------+-----+----+------+-----+---------+-------------------------------------------------------------+
* Clock Loads column represents the clock pin loads (pin count)
** Non-Clock Loads column represents the non-clock pin loads (pin count)
*** Columns FF, LUTRAM, RAMB through 'Hard IP' represents load cell counts


15. Clock Region Cell Placement per Global Clock: Region X3Y0
-------------------------------------------------------------

+-----------+-------+-----------------+------------+-------------+-----------------+----+--------+------+------+-----+----+------+-----+---------+----------------------------------------------+
| Global Id | Track | Driver Type/Pin | Constraint | Clock Loads | Non-Clock Loads | FF | LUTRAM | RAMB | URAM | DSP | GT | MMCM | PLL | Hard IP | Net                                          |
+-----------+-------+-----------------+------------+-------------+-----------------+----+--------+------+------+-----+----+------+-----+---------+----------------------------------------------+
| g0        | 8     | BUFGCE/O        | None       |          53 |               0 | 53 |      0 |    0 |    0 |   0 |  0 |    0 |   0 |       0 | NFC_4Channel_bd_i/clk_wiz_0/inst/clk_ctrl_50 |
| g1        | 14    | BUFGCE/O        | None       |           9 |               0 |  9 |      0 |    0 |    0 |   0 |  0 |    0 |   0 |       0 | NFC_4Channel_bd_i/clk_wiz_0/inst/clk_ref     |
| g3        | 20    | BUFGCE/O        | None       |           0 |               2 |  2 |      0 |    0 |    0 |   0 |  0 |    0 |   0 |       0 | NFC_4Channel_bd_i/clk_wiz_0/inst/locked      |
+-----------+-------+-----------------+------------+-------------+-----------------+----+--------+------+------+-----+----+------+-----+---------+----------------------------------------------+
* Clock Loads column represents the clock pin loads (pin count)
** Non-Clock Loads column represents the non-clock pin loads (pin count)
*** Columns FF, LUTRAM, RAMB through 'Hard IP' represents load cell counts


16. Clock Region Cell Placement per Global Clock: Region X1Y1
-------------------------------------------------------------

+-----------+-------+-----------------+------------+-------------+-----------------+------+--------+------+------+-----+----+------+-----+---------+----------------------------------------------+
| Global Id | Track | Driver Type/Pin | Constraint | Clock Loads | Non-Clock Loads | FF   | LUTRAM | RAMB | URAM | DSP | GT | MMCM | PLL | Hard IP | Net                                          |
+-----------+-------+-----------------+------------+-------------+-----------------+------+--------+------+------+-----+----+------+-----+---------+----------------------------------------------+
| g0        | 8     | BUFGCE/O        | None       |        1610 |               0 | 1529 |     75 |    6 |    0 |   0 |  0 |    0 |   0 |       0 | NFC_4Channel_bd_i/clk_wiz_0/inst/clk_ctrl_50 |
| g1        | 14    | BUFGCE/O        | None       |          60 |               0 |   59 |      0 |    1 |    0 |   0 |  0 |    0 |   0 |       0 | NFC_4Channel_bd_i/clk_wiz_0/inst/clk_ref     |
| g3        | 20    | BUFGCE/O        | None       |           0 |              59 |   59 |      0 |    0 |    0 |   0 |  0 |    0 |   0 |       0 | NFC_4Channel_bd_i/clk_wiz_0/inst/locked      |
+-----------+-------+-----------------+------------+-------------+-----------------+------+--------+------+------+-----+----+------+-----+---------+----------------------------------------------+
* Clock Loads column represents the clock pin loads (pin count)
** Non-Clock Loads column represents the non-clock pin loads (pin count)
*** Columns FF, LUTRAM, RAMB through 'Hard IP' represents load cell counts


17. Clock Region Cell Placement per Global Clock: Region X2Y1
-------------------------------------------------------------

+-----------+-------+-----------------+------------+-------------+-----------------+-------+--------+------+------+-----+----+------+-----+---------+-------------------------------------------------------------+
| Global Id | Track | Driver Type/Pin | Constraint | Clock Loads | Non-Clock Loads | FF    | LUTRAM | RAMB | URAM | DSP | GT | MMCM | PLL | Hard IP | Net                                                         |
+-----------+-------+-----------------+------------+-------------+-----------------+-------+--------+------+------+-----+----+------+-----+---------+-------------------------------------------------------------+
| g0        | 8     | BUFGCE/O        | None       |       12455 |               0 | 11807 |    636 |   12 |    0 |   0 |  0 |    0 |   0 |       0 | NFC_4Channel_bd_i/clk_wiz_0/inst/clk_ctrl_50                |
| g1        | 14    | BUFGCE/O        | None       |         711 |               0 |   643 |      2 |    0 |    0 |   0 |  0 |    0 |   0 |       0 | NFC_4Channel_bd_i/clk_wiz_0/inst/clk_ref                    |
| g2        | 2     | BUFGCE/O        | None       |          48 |               0 |     0 |      0 |    0 |    0 |   0 |  0 |    0 |   0 |       0 | NFC_4Channel_bd_i/clk_wiz_0/inst/nand_clk_fast              |
| g3        | 20    | BUFGCE/O        | None       |           0 |             535 |   535 |      0 |    0 |    0 |   0 |  0 |    0 |   0 |       0 | NFC_4Channel_bd_i/clk_wiz_0/inst/locked                     |
| g4        | 0     | BUFGCE/O        | None       |           0 |              15 |    15 |      0 |    0 |    0 |   0 |  0 |    0 |   0 |       0 | NFC_4Channel_bd_i/proc_sys_reset_0/U0/peripheral_aresetn[0] |
+-----------+-------+-----------------+------------+-------------+-----------------+-------+--------+------+------+-----+----+------+-----+---------+-------------------------------------------------------------+
* Clock Loads column represents the clock pin loads (pin count)
** Non-Clock Loads column represents the non-clock pin loads (pin count)
*** Columns FF, LUTRAM, RAMB through 'Hard IP' represents load cell counts


18. Clock Region Cell Placement per Global Clock: Region X3Y1
-------------------------------------------------------------

+-----------+-------+-----------------+------------+-------------+-----------------+----+--------+------+------+-----+----+------+-----+---------+----------------------------------------------+
| Global Id | Track | Driver Type/Pin | Constraint | Clock Loads | Non-Clock Loads | FF | LUTRAM | RAMB | URAM | DSP | GT | MMCM | PLL | Hard IP | Net                                          |
+-----------+-------+-----------------+------------+-------------+-----------------+----+--------+------+------+-----+----+------+-----+---------+----------------------------------------------+
| g0        | 8     | BUFGCE/O        | None       |          85 |               0 | 85 |      0 |    0 |    0 |   0 |  0 |    0 |   0 |       0 | NFC_4Channel_bd_i/clk_wiz_0/inst/clk_ctrl_50 |
+-----------+-------+-----------------+------------+-------------+-----------------+----+--------+------+------+-----+----+------+-----+---------+----------------------------------------------+
* Clock Loads column represents the clock pin loads (pin count)
** Non-Clock Loads column represents the non-clock pin loads (pin count)
*** Columns FF, LUTRAM, RAMB through 'Hard IP' represents load cell counts


19. Clock Region Cell Placement per Global Clock: Region X1Y2
-------------------------------------------------------------

+-----------+-------+-----------------+------------+-------------+-----------------+------+--------+------+------+-----+----+------+-----+---------+-------------------------------------------------------------+
| Global Id | Track | Driver Type/Pin | Constraint | Clock Loads | Non-Clock Loads | FF   | LUTRAM | RAMB | URAM | DSP | GT | MMCM | PLL | Hard IP | Net                                                         |
+-----------+-------+-----------------+------------+-------------+-----------------+------+--------+------+------+-----+----+------+-----+---------+-------------------------------------------------------------+
| g0        | 8     | BUFGCE/O        | None       |        2595 |               0 | 2577 |     10 |    8 |    0 |   0 |  0 |    0 |   0 |       0 | NFC_4Channel_bd_i/clk_wiz_0/inst/clk_ctrl_50                |
| g1        | 14    | BUFGCE/O        | None       |         125 |               0 |  122 |      0 |    3 |    0 |   0 |  0 |    0 |   0 |       0 | NFC_4Channel_bd_i/clk_wiz_0/inst/clk_ref                    |
| g3        | 20    | BUFGCE/O        | None       |           0 |             889 |  889 |      0 |    0 |    0 |   0 |  0 |    0 |   0 |       0 | NFC_4Channel_bd_i/clk_wiz_0/inst/locked                     |
| g4        | 0     | BUFGCE/O        | None       |           0 |              16 |   16 |      0 |    0 |    0 |   0 |  0 |    0 |   0 |       0 | NFC_4Channel_bd_i/proc_sys_reset_0/U0/peripheral_aresetn[0] |
+-----------+-------+-----------------+------------+-------------+-----------------+------+--------+------+------+-----+----+------+-----+---------+-------------------------------------------------------------+
* Clock Loads column represents the clock pin loads (pin count)
** Non-Clock Loads column represents the non-clock pin loads (pin count)
*** Columns FF, LUTRAM, RAMB through 'Hard IP' represents load cell counts


20. Clock Region Cell Placement per Global Clock: Region X2Y2
-------------------------------------------------------------

+-----------+-------+-----------------+------------+-------------+-----------------+-------+--------+------+------+-----+----+------+-----+---------+-------------------------------------------------------------+
| Global Id | Track | Driver Type/Pin | Constraint | Clock Loads | Non-Clock Loads | FF    | LUTRAM | RAMB | URAM | DSP | GT | MMCM | PLL | Hard IP | Net                                                         |
+-----------+-------+-----------------+------------+-------------+-----------------+-------+--------+------+------+-----+----+------+-----+---------+-------------------------------------------------------------+
| g0        | 8     | BUFGCE/O        | None       |       13536 |               0 | 13517 |      9 |   10 |    0 |   0 |  0 |    0 |   0 |       0 | NFC_4Channel_bd_i/clk_wiz_0/inst/clk_ctrl_50                |
| g1        | 14    | BUFGCE/O        | None       |         330 |               0 |   326 |      0 |    4 |    0 |   0 |  0 |    0 |   0 |       0 | NFC_4Channel_bd_i/clk_wiz_0/inst/clk_ref                    |
| g2+       | 2     | BUFGCE/O        | None       |           0 |               0 |     0 |      0 |    0 |    0 |   0 |  0 |    0 |   0 |       0 | NFC_4Channel_bd_i/clk_wiz_0/inst/nand_clk_fast              |
| g3        | 20    | BUFGCE/O        | None       |           0 |            8705 |  8705 |      0 |    0 |    0 |   0 |  0 |    0 |   0 |       0 | NFC_4Channel_bd_i/clk_wiz_0/inst/locked                     |
| g4        | 0     | BUFGCE/O        | None       |           0 |            1710 |  1710 |      0 |    0 |    0 |   0 |  0 |    0 |   0 |       0 | NFC_4Channel_bd_i/proc_sys_reset_0/U0/peripheral_aresetn[0] |
+-----------+-------+-----------------+------------+-------------+-----------------+-------+--------+------+------+-----+----+------+-----+---------+-------------------------------------------------------------+
* Clock Loads column represents the clock pin loads (pin count)
** Non-Clock Loads column represents the non-clock pin loads (pin count)
*** Columns FF, LUTRAM, RAMB through 'Hard IP' represents load cell counts
**** In Global Id column, sympbol '+' indicates that global clock was used only to route through the clock region.


21. Clock Region Cell Placement per Global Clock: Region X3Y2
-------------------------------------------------------------

+-----------+-------+-----------------+------------+-------------+-----------------+-----+--------+------+------+-----+----+------+-----+---------+----------------------------------------------+
| Global Id | Track | Driver Type/Pin | Constraint | Clock Loads | Non-Clock Loads | FF  | LUTRAM | RAMB | URAM | DSP | GT | MMCM | PLL | Hard IP | Net                                          |
+-----------+-------+-----------------+------------+-------------+-----------------+-----+--------+------+------+-----+----+------+-----+---------+----------------------------------------------+
| g0        | 8     | BUFGCE/O        | None       |         347 |               0 | 347 |      0 |    0 |    0 |   0 |  0 |    0 |   0 |       0 | NFC_4Channel_bd_i/clk_wiz_0/inst/clk_ctrl_50 |
| g3        | 20    | BUFGCE/O        | None       |           0 |             229 | 229 |      0 |    0 |    0 |   0 |  0 |    0 |   0 |       0 | NFC_4Channel_bd_i/clk_wiz_0/inst/locked      |
+-----------+-------+-----------------+------------+-------------+-----------------+-----+--------+------+------+-----+----+------+-----+---------+----------------------------------------------+
* Clock Loads column represents the clock pin loads (pin count)
** Non-Clock Loads column represents the non-clock pin loads (pin count)
*** Columns FF, LUTRAM, RAMB through 'Hard IP' represents load cell counts


22. Clock Region Cell Placement per Global Clock: Region X0Y3
-------------------------------------------------------------

+-----------+-------+-----------------+------------+-------------+-----------------+----+--------+------+------+-----+----+------+-----+---------+----------------------------------------------+
| Global Id | Track | Driver Type/Pin | Constraint | Clock Loads | Non-Clock Loads | FF | LUTRAM | RAMB | URAM | DSP | GT | MMCM | PLL | Hard IP | Net                                          |
+-----------+-------+-----------------+------------+-------------+-----------------+----+--------+------+------+-----+----+------+-----+---------+----------------------------------------------+
| g0        | 8     | BUFGCE/O        | None       |          89 |               0 | 89 |      0 |    0 |    0 |   0 |  0 |    0 |   0 |       0 | NFC_4Channel_bd_i/clk_wiz_0/inst/clk_ctrl_50 |
+-----------+-------+-----------------+------------+-------------+-----------------+----+--------+------+------+-----+----+------+-----+---------+----------------------------------------------+
* Clock Loads column represents the clock pin loads (pin count)
** Non-Clock Loads column represents the non-clock pin loads (pin count)
*** Columns FF, LUTRAM, RAMB through 'Hard IP' represents load cell counts


23. Clock Region Cell Placement per Global Clock: Region X1Y3
-------------------------------------------------------------

+-----------+-------+-----------------+------------+-------------+-----------------+----+--------+------+------+-----+----+------+-----+---------+----------------------------------------------+
| Global Id | Track | Driver Type/Pin | Constraint | Clock Loads | Non-Clock Loads | FF | LUTRAM | RAMB | URAM | DSP | GT | MMCM | PLL | Hard IP | Net                                          |
+-----------+-------+-----------------+------------+-------------+-----------------+----+--------+------+------+-----+----+------+-----+---------+----------------------------------------------+
| g0        | 8     | BUFGCE/O        | None       |          11 |               0 | 11 |      0 |    0 |    0 |   0 |  0 |    0 |   0 |       0 | NFC_4Channel_bd_i/clk_wiz_0/inst/clk_ctrl_50 |
| g1        | 14    | BUFGCE/O        | None       |           5 |               0 |  5 |      0 |    0 |    0 |   0 |  0 |    0 |   0 |       0 | NFC_4Channel_bd_i/clk_wiz_0/inst/clk_ref     |
+-----------+-------+-----------------+------------+-------------+-----------------+----+--------+------+------+-----+----+------+-----+---------+----------------------------------------------+
* Clock Loads column represents the clock pin loads (pin count)
** Non-Clock Loads column represents the non-clock pin loads (pin count)
*** Columns FF, LUTRAM, RAMB through 'Hard IP' represents load cell counts


24. Clock Region Cell Placement per Global Clock: Region X2Y3
-------------------------------------------------------------

+-----------+-------+-----------------+------------+-------------+-----------------+-----+--------+------+------+-----+----+------+-----+---------+-------------------------------------------------------------+
| Global Id | Track | Driver Type/Pin | Constraint | Clock Loads | Non-Clock Loads | FF  | LUTRAM | RAMB | URAM | DSP | GT | MMCM | PLL | Hard IP | Net                                                         |
+-----------+-------+-----------------+------------+-------------+-----------------+-----+--------+------+------+-----+----+------+-----+---------+-------------------------------------------------------------+
| g0        | 8     | BUFGCE/O        | None       |         533 |               0 | 532 |      1 |    0 |    0 |   0 |  0 |    0 |   0 |       0 | NFC_4Channel_bd_i/clk_wiz_0/inst/clk_ctrl_50                |
| g1        | 14    | BUFGCE/O        | None       |          61 |               0 |  61 |      0 |    0 |    0 |   0 |  0 |    0 |   0 |       0 | NFC_4Channel_bd_i/clk_wiz_0/inst/clk_ref                    |
| g2+       | 2     | BUFGCE/O        | None       |           0 |               0 |   0 |      0 |    0 |    0 |   0 |  0 |    0 |   0 |       0 | NFC_4Channel_bd_i/clk_wiz_0/inst/nand_clk_fast              |
| g3        | 20    | BUFGCE/O        | None       |           0 |             435 | 435 |      0 |    0 |    0 |   0 |  0 |    0 |   0 |       0 | NFC_4Channel_bd_i/clk_wiz_0/inst/locked                     |
| g4+       | 0     | BUFGCE/O        | None       |           0 |               0 |   0 |      0 |    0 |    0 |   0 |  0 |    0 |   0 |       0 | NFC_4Channel_bd_i/proc_sys_reset_0/U0/peripheral_aresetn[0] |
+-----------+-------+-----------------+------------+-------------+-----------------+-----+--------+------+------+-----+----+------+-----+---------+-------------------------------------------------------------+
* Clock Loads column represents the clock pin loads (pin count)
** Non-Clock Loads column represents the non-clock pin loads (pin count)
*** Columns FF, LUTRAM, RAMB through 'Hard IP' represents load cell counts
**** In Global Id column, sympbol '+' indicates that global clock was used only to route through the clock region.


